registration called out Patient Bnnukdojvywb Himjybaqluo Illness(type, stage) = (1, 2).
registration called out Patient Eqjbldtsy Adesgebw Illness(type, stage) = (3, 7).
Patient Bnnukdojvywb Himjybaqluo Illness(type, stage) = (1, 2) has left registration.
Patient Bnnukdojvywb Himjybaqluo Illness(type, stage) = (1, 2) got in queue to dentist.
Patient Eqjbldtsy Adesgebw Illness(type, stage) = (3, 7) has left registration.
Patient Eqjbldtsy Adesgebw Illness(type, stage) = (3, 7) got in queue to therapist.
registration called out Patient Oxqjcvmgbaawy Njojlbcikcbqn Illness(type, stage) = (2, 7).
therapist called out Patient Eqjbldtsy Adesgebw Illness(type, stage) = (3, 7).
dentist called out Patient Bnnukdojvywb Himjybaqluo Illness(type, stage) = (1, 2).
registration called out Patient Zwqreftwmsggu Kakptacvurskz Illness(type, stage) = (2, 3).
Patient Zwqreftwmsggu Kakptacvurskz Illness(type, stage) = (2, 3) has left registration.
Patient Zwqreftwmsggu Kakptacvurskz Illness(type, stage) = (2, 3) got in queue to surgeon.
Patient Oxqjcvmgbaawy Njojlbcikcbqn Illness(type, stage) = (2, 7) has left registration.
Patient Oxqjcvmgbaawy Njojlbcikcbqn Illness(type, stage) = (2, 7) got in queue to surgeon.
Patient Bnnukdojvywb Himjybaqluo Illness(type, stage) = (1, 2) has left dentist.
Patient Eqjbldtsy Adesgebw Illness(type, stage) = (3, 7) has left therapist.
surgeon called out Patient Zwqreftwmsggu Kakptacvurskz Illness(type, stage) = (2, 3).
registration called out Patient Ikxrohamfpyzv Onqovub Illness(type, stage) = (1, 8).
registration called out Patient Fifgjvnwkg Mjeyhhelzile Illness(type, stage) = (1, 10).
Patient Zwqreftwmsggu Kakptacvurskz Illness(type, stage) = (2, 3) has left surgeon.
Patient Ikxrohamfpyzv Onqovub Illness(type, stage) = (1, 8) has left registration.
Patient Ikxrohamfpyzv Onqovub Illness(type, stage) = (1, 8) got in queue to dentist.
Patient Fifgjvnwkg Mjeyhhelzile Illness(type, stage) = (1, 10) has left registration.
Patient Fifgjvnwkg Mjeyhhelzile Illness(type, stage) = (1, 10) got in queue to dentist.
registration called out Patient Cehxziuqx Mcfnwkptbpad Illness(type, stage) = (3, 3).
dentist called out Patient Ikxrohamfpyzv Onqovub Illness(type, stage) = (1, 8).
surgeon called out Patient Oxqjcvmgbaawy Njojlbcikcbqn Illness(type, stage) = (2, 7).
Patient Cehxziuqx Mcfnwkptbpad Illness(type, stage) = (3, 3) has left registration.
Patient Cehxziuqx Mcfnwkptbpad Illness(type, stage) = (3, 3) got in queue to therapist.
Patient Oxqjcvmgbaawy Njojlbcikcbqn Illness(type, stage) = (2, 7) has left surgeon.
Patient Ikxrohamfpyzv Onqovub Illness(type, stage) = (1, 8) has left dentist.
therapist called out Patient Cehxziuqx Mcfnwkptbpad Illness(type, stage) = (3, 3).
dentist called out Patient Fifgjvnwkg Mjeyhhelzile Illness(type, stage) = (1, 10).
Patient Cehxziuqx Mcfnwkptbpad Illness(type, stage) = (3, 3) has left therapist.
Patient Fifgjvnwkg Mjeyhhelzile Illness(type, stage) = (1, 10) has left dentist.
