registration called out Patient Imyofwqoce Ljfattg Illness(type, stage) = (3, 3).
registration called out Patient Qbxtohlqn Xyjtilesqimuj Illness(type, stage) = (3, 8).
Patient Imyofwqoce Ljfattg Illness(type, stage) = (3, 3) has left registration.
Patient Imyofwqoce Ljfattg Illness(type, stage) = (3, 3) got in queue to therapist.
Patient Qbxtohlqn Xyjtilesqimuj Illness(type, stage) = (3, 8) has left registration.
Patient Qbxtohlqn Xyjtilesqimuj Illness(type, stage) = (3, 8) got in queue to therapist.
registration called out Patient Shvnrfvanrxab Rextosplaxk Illness(type, stage) = (1, 1).
therapist called out Patient Imyofwqoce Ljfattg Illness(type, stage) = (3, 3).
registration called out Patient Guhbisa Amrnxblwh Illness(type, stage) = (2, 7).
Patient Shvnrfvanrxab Rextosplaxk Illness(type, stage) = (1, 1) has left registration.
Patient Shvnrfvanrxab Rextosplaxk Illness(type, stage) = (1, 1) got in queue to dentist.
Patient Imyofwqoce Ljfattg Illness(type, stage) = (3, 3) has left therapist.
Patient Guhbisa Amrnxblwh Illness(type, stage) = (2, 7) has left registration.
Patient Guhbisa Amrnxblwh Illness(type, stage) = (2, 7) got in queue to surgeon.
surgeon called out Patient Guhbisa Amrnxblwh Illness(type, stage) = (2, 7).
registration called out Patient Xazrnpllxqae Mryzshawa Illness(type, stage) = (3, 3).
dentist called out Patient Shvnrfvanrxab Rextosplaxk Illness(type, stage) = (1, 1).
therapist called out Patient Qbxtohlqn Xyjtilesqimuj Illness(type, stage) = (3, 8).
registration called out Patient Nutfuosrast Kvrgomjhawl Illness(type, stage) = (3, 9).
Patient Xazrnpllxqae Mryzshawa Illness(type, stage) = (3, 3) has left registration.
Patient Xazrnpllxqae Mryzshawa Illness(type, stage) = (3, 3) got in queue to therapist.
Patient Shvnrfvanrxab Rextosplaxk Illness(type, stage) = (1, 1) has left dentist.
Patient Nutfuosrast Kvrgomjhawl Illness(type, stage) = (3, 9) has left registration.
Patient Nutfuosrast Kvrgomjhawl Illness(type, stage) = (3, 9) got in queue to therapist.
Patient Qbxtohlqn Xyjtilesqimuj Illness(type, stage) = (3, 8) has left therapist.
Patient Guhbisa Amrnxblwh Illness(type, stage) = (2, 7) has left surgeon.
registration called out Patient Xutrwvvjurvy Kfqhrasexmthv Illness(type, stage) = (2, 7).
therapist called out Patient Xazrnpllxqae Mryzshawa Illness(type, stage) = (3, 3).
registration called out Patient Lqidisjnv Bfysjklqfehih Illness(type, stage) = (2, 5).
Patient Lqidisjnv Bfysjklqfehih Illness(type, stage) = (2, 5) has left registration.
Patient Lqidisjnv Bfysjklqfehih Illness(type, stage) = (2, 5) got in queue to surgeon.
Patient Xazrnpllxqae Mryzshawa Illness(type, stage) = (3, 3) has left therapist.
Patient Xutrwvvjurvy Kfqhrasexmthv Illness(type, stage) = (2, 7) has left registration.
Patient Xutrwvvjurvy Kfqhrasexmthv Illness(type, stage) = (2, 7) got in queue to surgeon.
registration called out Patient Xvefebdmbskj Frywtehxoivyl Illness(type, stage) = (1, 6).
therapist called out Patient Nutfuosrast Kvrgomjhawl Illness(type, stage) = (3, 9).
surgeon called out Patient Lqidisjnv Bfysjklqfehih Illness(type, stage) = (2, 5).
registration called out Patient Ovowautsns Xjdssxtckvy Illness(type, stage) = (1, 10).
Patient Xvefebdmbskj Frywtehxoivyl Illness(type, stage) = (1, 6) has left registration.
Patient Xvefebdmbskj Frywtehxoivyl Illness(type, stage) = (1, 6) got in queue to dentist.
Patient Ovowautsns Xjdssxtckvy Illness(type, stage) = (1, 10) has left registration.
Patient Ovowautsns Xjdssxtckvy Illness(type, stage) = (1, 10) got in queue to dentist.
Patient Lqidisjnv Bfysjklqfehih Illness(type, stage) = (2, 5) has left surgeon.
Patient Nutfuosrast Kvrgomjhawl Illness(type, stage) = (3, 9) has left therapist.
dentist called out Patient Xvefebdmbskj Frywtehxoivyl Illness(type, stage) = (1, 6).
surgeon called out Patient Xutrwvvjurvy Kfqhrasexmthv Illness(type, stage) = (2, 7).
Patient Xutrwvvjurvy Kfqhrasexmthv Illness(type, stage) = (2, 7) has left surgeon.
Patient Xvefebdmbskj Frywtehxoivyl Illness(type, stage) = (1, 6) has left dentist.
dentist called out Patient Ovowautsns Xjdssxtckvy Illness(type, stage) = (1, 10).
Patient Ovowautsns Xjdssxtckvy Illness(type, stage) = (1, 10) has left dentist.
