registration called out Patient Hcysymdm Tydywwkf Illness(type, stage) = (3, 5).
registration called out Patient Olakodnfaotn Ttdzolmgi Illness(type, stage) = (3, 6).
Patient Hcysymdm Tydywwkf Illness(type, stage) = (3, 5) has left registration.
Patient Hcysymdm Tydywwkf Illness(type, stage) = (3, 5) got in queue to therapist.
Patient Olakodnfaotn Ttdzolmgi Illness(type, stage) = (3, 6) has left registration.
Patient Olakodnfaotn Ttdzolmgi Illness(type, stage) = (3, 6) got in queue to therapist.
therapist called out Patient Hcysymdm Tydywwkf Illness(type, stage) = (3, 5).
registration called out Patient Edfzmfczekzo Xbiudirwxz Illness(type, stage) = (2, 7).
registration called out Patient Mibfqqgm Jztlfkhacdjje Illness(type, stage) = (1, 5).
Patient Mibfqqgm Jztlfkhacdjje Illness(type, stage) = (1, 5) has left registration.
Patient Mibfqqgm Jztlfkhacdjje Illness(type, stage) = (1, 5) got in queue to dentist.
Patient Edfzmfczekzo Xbiudirwxz Illness(type, stage) = (2, 7) has left registration.
Patient Edfzmfczekzo Xbiudirwxz Illness(type, stage) = (2, 7) got in queue to surgeon.
Patient Hcysymdm Tydywwkf Illness(type, stage) = (3, 5) has left therapist.
registration called out Patient Wwvqfxqbyfq Pxyaoebfvppj Illness(type, stage) = (2, 9).
therapist called out Patient Olakodnfaotn Ttdzolmgi Illness(type, stage) = (3, 6).
surgeon called out Patient Edfzmfczekzo Xbiudirwxz Illness(type, stage) = (2, 7).
dentist called out Patient Mibfqqgm Jztlfkhacdjje Illness(type, stage) = (1, 5).
registration called out Patient Sfclbmkzr Xfotmkm Illness(type, stage) = (3, 3).
Patient Sfclbmkzr Xfotmkm Illness(type, stage) = (3, 3) has left registration.
Patient Sfclbmkzr Xfotmkm Illness(type, stage) = (3, 3) got in queue to therapist.
Patient Wwvqfxqbyfq Pxyaoebfvppj Illness(type, stage) = (2, 9) has left registration.
Patient Wwvqfxqbyfq Pxyaoebfvppj Illness(type, stage) = (2, 9) got in queue to surgeon.
Patient Olakodnfaotn Ttdzolmgi Illness(type, stage) = (3, 6) has left therapist.
Patient Edfzmfczekzo Xbiudirwxz Illness(type, stage) = (2, 7) has left surgeon.
Patient Mibfqqgm Jztlfkhacdjje Illness(type, stage) = (1, 5) has left dentist.
therapist called out Patient Sfclbmkzr Xfotmkm Illness(type, stage) = (3, 3).
surgeon called out Patient Wwvqfxqbyfq Pxyaoebfvppj Illness(type, stage) = (2, 9).
registration called out Patient Hbpzpqttgw Rfrxcdhaq Illness(type, stage) = (3, 4).
registration called out Patient Sjuaxkyf Ixobplj Illness(type, stage) = (1, 8).
Patient Hbpzpqttgw Rfrxcdhaq Illness(type, stage) = (3, 4) has left registration.
Patient Hbpzpqttgw Rfrxcdhaq Illness(type, stage) = (3, 4) got in queue to therapist.
Patient Sfclbmkzr Xfotmkm Illness(type, stage) = (3, 3) has left therapist.
Patient Sjuaxkyf Ixobplj Illness(type, stage) = (1, 8) has left registration.
Patient Sjuaxkyf Ixobplj Illness(type, stage) = (1, 8) got in queue to dentist.
Patient Wwvqfxqbyfq Pxyaoebfvppj Illness(type, stage) = (2, 9) has left surgeon.
registration called out Patient Mhqzuvmoqp Euusowbzvt Illness(type, stage) = (1, 8).
dentist called out Patient Sjuaxkyf Ixobplj Illness(type, stage) = (1, 8).
therapist called out Patient Hbpzpqttgw Rfrxcdhaq Illness(type, stage) = (3, 4).
registration called out Patient Mzftewgw Bxootsgfpxa Illness(type, stage) = (1, 2).
Patient Mzftewgw Bxootsgfpxa Illness(type, stage) = (1, 2) has left registration.
Patient Mzftewgw Bxootsgfpxa Illness(type, stage) = (1, 2) got in queue to dentist.
Patient Mhqzuvmoqp Euusowbzvt Illness(type, stage) = (1, 8) has left registration.
Patient Hbpzpqttgw Rfrxcdhaq Illness(type, stage) = (3, 4) has left therapist.
Patient Mhqzuvmoqp Euusowbzvt Illness(type, stage) = (1, 8) got in queue to dentist.
Patient Sjuaxkyf Ixobplj Illness(type, stage) = (1, 8) has left dentist.
registration called out Patient Pryqzsj Pnrphkwvqg Illness(type, stage) = (3, 9).
dentist called out Patient Mzftewgw Bxootsgfpxa Illness(type, stage) = (1, 2).
registration called out Patient Lhdgaixw Awdxsttymt Illness(type, stage) = (1, 4).
Patient Lhdgaixw Awdxsttymt Illness(type, stage) = (1, 4) has left registration.
Patient Lhdgaixw Awdxsttymt Illness(type, stage) = (1, 4) got in queue to dentist.
Patient Mzftewgw Bxootsgfpxa Illness(type, stage) = (1, 2) has left dentist.
Patient Pryqzsj Pnrphkwvqg Illness(type, stage) = (3, 9) has left registration.
Patient Pryqzsj Pnrphkwvqg Illness(type, stage) = (3, 9) got in queue to therapist.
registration called out Patient Cchbrnx Lfjpdbc Illness(type, stage) = (1, 7).
dentist called out Patient Mhqzuvmoqp Euusowbzvt Illness(type, stage) = (1, 8).
therapist called out Patient Pryqzsj Pnrphkwvqg Illness(type, stage) = (3, 9).
registration called out Patient Cprogxtf Qvjiehdmrzc Illness(type, stage) = (2, 3).
Patient Cprogxtf Qvjiehdmrzc Illness(type, stage) = (2, 3) has left registration.
Patient Cprogxtf Qvjiehdmrzc Illness(type, stage) = (2, 3) got in queue to surgeon.
Patient Cchbrnx Lfjpdbc Illness(type, stage) = (1, 7) has left registration.
Patient Cchbrnx Lfjpdbc Illness(type, stage) = (1, 7) got in queue to dentist.
Patient Pryqzsj Pnrphkwvqg Illness(type, stage) = (3, 9) has left therapist.
Patient Mhqzuvmoqp Euusowbzvt Illness(type, stage) = (1, 8) has left dentist.
registration called out Patient Aeoecbq Dfgwoxwswkzrp Illness(type, stage) = (2, 6).
dentist called out Patient Lhdgaixw Awdxsttymt Illness(type, stage) = (1, 4).
surgeon called out Patient Cprogxtf Qvjiehdmrzc Illness(type, stage) = (2, 3).
registration called out Patient Uwkvzeedmtl Ojlrhjag Illness(type, stage) = (1, 4).
Patient Uwkvzeedmtl Ojlrhjag Illness(type, stage) = (1, 4) has left registration.
Patient Uwkvzeedmtl Ojlrhjag Illness(type, stage) = (1, 4) got in queue to dentist.
Patient Aeoecbq Dfgwoxwswkzrp Illness(type, stage) = (2, 6) has left registration.
Patient Aeoecbq Dfgwoxwswkzrp Illness(type, stage) = (2, 6) got in queue to surgeon.
Patient Cprogxtf Qvjiehdmrzc Illness(type, stage) = (2, 3) has left surgeon.
Patient Lhdgaixw Awdxsttymt Illness(type, stage) = (1, 4) has left dentist.
surgeon called out Patient Aeoecbq Dfgwoxwswkzrp Illness(type, stage) = (2, 6).
registration called out Patient Ngfgtpdr Xoeteetf Illness(type, stage) = (1, 1).
dentist called out Patient Cchbrnx Lfjpdbc Illness(type, stage) = (1, 7).
registration called out Patient Vxjuajvfae Rvgmrhsoqcevj Illness(type, stage) = (3, 6).
Patient Ngfgtpdr Xoeteetf Illness(type, stage) = (1, 1) has left registration.
Patient Ngfgtpdr Xoeteetf Illness(type, stage) = (1, 1) got in queue to dentist.
Patient Vxjuajvfae Rvgmrhsoqcevj Illness(type, stage) = (3, 6) has left registration.
Patient Vxjuajvfae Rvgmrhsoqcevj Illness(type, stage) = (3, 6) got in queue to therapist.
Patient Aeoecbq Dfgwoxwswkzrp Illness(type, stage) = (2, 6) has left surgeon.
Patient Cchbrnx Lfjpdbc Illness(type, stage) = (1, 7) has left dentist.
dentist called out Patient Uwkvzeedmtl Ojlrhjag Illness(type, stage) = (1, 4).
registration called out Patient Itzuuozietjtx Ygnljaxgjr Illness(type, stage) = (2, 8).
therapist called out Patient Vxjuajvfae Rvgmrhsoqcevj Illness(type, stage) = (3, 6).
registration called out Patient Osqwgjrorrm Qcutsgt Illness(type, stage) = (1, 3).
Patient Osqwgjrorrm Qcutsgt Illness(type, stage) = (1, 3) has left registration.
Patient Osqwgjrorrm Qcutsgt Illness(type, stage) = (1, 3) got in queue to dentist.
Patient Itzuuozietjtx Ygnljaxgjr Illness(type, stage) = (2, 8) has left registration.
Patient Itzuuozietjtx Ygnljaxgjr Illness(type, stage) = (2, 8) got in queue to surgeon.
Patient Vxjuajvfae Rvgmrhsoqcevj Illness(type, stage) = (3, 6) has left therapist.
Patient Uwkvzeedmtl Ojlrhjag Illness(type, stage) = (1, 4) has left dentist.
dentist called out Patient Ngfgtpdr Xoeteetf Illness(type, stage) = (1, 1).
surgeon called out Patient Itzuuozietjtx Ygnljaxgjr Illness(type, stage) = (2, 8).
Patient Ngfgtpdr Xoeteetf Illness(type, stage) = (1, 1) has left dentist.
Patient Itzuuozietjtx Ygnljaxgjr Illness(type, stage) = (2, 8) has left surgeon.
dentist called out Patient Osqwgjrorrm Qcutsgt Illness(type, stage) = (1, 3).
Patient Osqwgjrorrm Qcutsgt Illness(type, stage) = (1, 3) has left dentist.
