registration called out Patient Mpkzgjivgyib Cchzmbxn Illness(type, stage) = (3, 4).
registration called out Patient Cswzipttbuef Cclkihgruvc Illness(type, stage) = (3, 4).
Patient Mpkzgjivgyib Cchzmbxn Illness(type, stage) = (3, 4) has left registration.
Patient Mpkzgjivgyib Cchzmbxn Illness(type, stage) = (3, 4) got in queue to therapist.
Patient Cswzipttbuef Cclkihgruvc Illness(type, stage) = (3, 4) has left registration.
Patient Cswzipttbuef Cclkihgruvc Illness(type, stage) = (3, 4) got in queue to therapist.
therapist called out Patient Mpkzgjivgyib Cchzmbxn Illness(type, stage) = (3, 4).
registration called out Patient Kbnctxj Jxxvtdaioknd Illness(type, stage) = (2, 10).
registration called out Patient Uvdqkwuwixhar Fmboodxnd Illness(type, stage) = (1, 4).
Patient Uvdqkwuwixhar Fmboodxnd Illness(type, stage) = (1, 4) has left registration.
Patient Uvdqkwuwixhar Fmboodxnd Illness(type, stage) = (1, 4) got in queue to dentist.
Patient Mpkzgjivgyib Cchzmbxn Illness(type, stage) = (3, 4) has left therapist.
Patient Kbnctxj Jxxvtdaioknd Illness(type, stage) = (2, 10) has left registration.
Patient Kbnctxj Jxxvtdaioknd Illness(type, stage) = (2, 10) got in queue to surgeon.
surgeon called out Patient Kbnctxj Jxxvtdaioknd Illness(type, stage) = (2, 10).
registration called out Patient Wxbmrhveqrc Uvotwndqojk Illness(type, stage) = (3, 8).
dentist called out Patient Uvdqkwuwixhar Fmboodxnd Illness(type, stage) = (1, 4).
therapist called out Patient Cswzipttbuef Cclkihgruvc Illness(type, stage) = (3, 4).
registration called out Patient Msqqxbjtj Xqfanfnhaqufv Illness(type, stage) = (3, 6).
Patient Msqqxbjtj Xqfanfnhaqufv Illness(type, stage) = (3, 6) has left registration.
Patient Msqqxbjtj Xqfanfnhaqufv Illness(type, stage) = (3, 6) got in queue to therapist.
Patient Wxbmrhveqrc Uvotwndqojk Illness(type, stage) = (3, 8) has left registration.
Patient Cswzipttbuef Cclkihgruvc Illness(type, stage) = (3, 4) has left therapist.
Patient Wxbmrhveqrc Uvotwndqojk Illness(type, stage) = (3, 8) got in queue to therapist.
Patient Uvdqkwuwixhar Fmboodxnd Illness(type, stage) = (1, 4) has left dentist.
Patient Kbnctxj Jxxvtdaioknd Illness(type, stage) = (2, 10) has left surgeon.
registration called out Patient Klxurkehsum Ushnvcnxrxynf Illness(type, stage) = (2, 9).
therapist called out Patient Msqqxbjtj Xqfanfnhaqufv Illness(type, stage) = (3, 6).
registration called out Patient Lbrbgds Spbipfbqahs Illness(type, stage) = (1, 7).
Patient Lbrbgds Spbipfbqahs Illness(type, stage) = (1, 7) has left registration.
Patient Lbrbgds Spbipfbqahs Illness(type, stage) = (1, 7) got in queue to dentist.
Patient Klxurkehsum Ushnvcnxrxynf Illness(type, stage) = (2, 9) has left registration.
Patient Klxurkehsum Ushnvcnxrxynf Illness(type, stage) = (2, 9) got in queue to surgeon.
Patient Msqqxbjtj Xqfanfnhaqufv Illness(type, stage) = (3, 6) has left therapist.
dentist called out Patient Lbrbgds Spbipfbqahs Illness(type, stage) = (1, 7).
registration called out Patient Meqgiqunpcd Rbrwktwvfuzll Illness(type, stage) = (2, 10).
surgeon called out Patient Klxurkehsum Ushnvcnxrxynf Illness(type, stage) = (2, 9).
therapist called out Patient Wxbmrhveqrc Uvotwndqojk Illness(type, stage) = (3, 8).
registration called out Patient Nkymviz Kbjnpwxzebk Illness(type, stage) = (3, 5).
Patient Nkymviz Kbjnpwxzebk Illness(type, stage) = (3, 5) has left registration.
Patient Nkymviz Kbjnpwxzebk Illness(type, stage) = (3, 5) got in queue to therapist.
Patient Meqgiqunpcd Rbrwktwvfuzll Illness(type, stage) = (2, 10) has left registration.
Patient Meqgiqunpcd Rbrwktwvfuzll Illness(type, stage) = (2, 10) got in queue to surgeon.
Patient Wxbmrhveqrc Uvotwndqojk Illness(type, stage) = (3, 8) has left therapist.
Patient Klxurkehsum Ushnvcnxrxynf Illness(type, stage) = (2, 9) has left surgeon.
Patient Lbrbgds Spbipfbqahs Illness(type, stage) = (1, 7) has left dentist.
registration called out Patient Whfuwmosdqfr Nmeoymcyk Illness(type, stage) = (1, 3).
surgeon called out Patient Meqgiqunpcd Rbrwktwvfuzll Illness(type, stage) = (2, 10).
therapist called out Patient Nkymviz Kbjnpwxzebk Illness(type, stage) = (3, 5).
registration called out Patient Yfdddbh Gvwbzjmckz Illness(type, stage) = (1, 9).
Patient Whfuwmosdqfr Nmeoymcyk Illness(type, stage) = (1, 3) has left registration.
Patient Whfuwmosdqfr Nmeoymcyk Illness(type, stage) = (1, 3) got in queue to dentist.
Patient Yfdddbh Gvwbzjmckz Illness(type, stage) = (1, 9) has left registration.
Patient Yfdddbh Gvwbzjmckz Illness(type, stage) = (1, 9) got in queue to dentist.
Patient Nkymviz Kbjnpwxzebk Illness(type, stage) = (3, 5) has left therapist.
Patient Meqgiqunpcd Rbrwktwvfuzll Illness(type, stage) = (2, 10) has left surgeon.
dentist called out Patient Whfuwmosdqfr Nmeoymcyk Illness(type, stage) = (1, 3).
registration called out Patient Cyqzsrkfgaih Eocmtoxlyl Illness(type, stage) = (3, 9).
registration called out Patient Yxbmuhavxvj Dtdnpdhyu Illness(type, stage) = (3, 5).
Patient Yxbmuhavxvj Dtdnpdhyu Illness(type, stage) = (3, 5) has left registration.
Patient Yxbmuhavxvj Dtdnpdhyu Illness(type, stage) = (3, 5) got in queue to therapist.
Patient Cyqzsrkfgaih Eocmtoxlyl Illness(type, stage) = (3, 9) has left registration.
Patient Cyqzsrkfgaih Eocmtoxlyl Illness(type, stage) = (3, 9) got in queue to therapist.
Patient Whfuwmosdqfr Nmeoymcyk Illness(type, stage) = (1, 3) has left dentist.
therapist called out Patient Yxbmuhavxvj Dtdnpdhyu Illness(type, stage) = (3, 5).
registration called out Patient Kmnijajg Fxwtsiy Illness(type, stage) = (1, 8).
dentist called out Patient Yfdddbh Gvwbzjmckz Illness(type, stage) = (1, 9).
Patient Kmnijajg Fxwtsiy Illness(type, stage) = (1, 8) has left registration.
Patient Kmnijajg Fxwtsiy Illness(type, stage) = (1, 8) got in queue to dentist.
Patient Yxbmuhavxvj Dtdnpdhyu Illness(type, stage) = (3, 5) has left therapist.
Patient Yfdddbh Gvwbzjmckz Illness(type, stage) = (1, 9) has left dentist.
dentist called out Patient Kmnijajg Fxwtsiy Illness(type, stage) = (1, 8).
therapist called out Patient Cyqzsrkfgaih Eocmtoxlyl Illness(type, stage) = (3, 9).
Patient Cyqzsrkfgaih Eocmtoxlyl Illness(type, stage) = (3, 9) has left therapist.
Patient Kmnijajg Fxwtsiy Illness(type, stage) = (1, 8) has left dentist.
