Patient Wlxutnpqvco Sofxhyvku Illness(type, stage) = (1, 5) got in queue to registration.
Patient Pilmvswioaov Qtyyrec Illness(type, stage) = (3, 6) got in queue to registration.
Patient Iqcwlczjk Kwscvfrm Illness(type, stage) = (1, 2) got in queue to registration.
Patient Iwcoctqdsjsx Wtbogqujpkx Illness(type, stage) = (1, 8) got in queue to registration.
Patient Pcdszkj Ffypmrjvtlxt Illness(type, stage) = (2, 2) got in queue to registration.
Patient Oncyixnzz Ncinqxizuaa Illness(type, stage) = (2, 8) got in queue to registration.
Patient Vrckueicwigh Twjfxffuk Illness(type, stage) = (1, 6) got in queue to registration.
registration called out Patient Wlxutnpqvco Sofxhyvku Illness(type, stage) = (1, 5).
registration called out Patient Pilmvswioaov Qtyyrec Illness(type, stage) = (3, 6).
Patient Wlxutnpqvco Sofxhyvku Illness(type, stage) = (1, 5) has left registration.
Patient Wlxutnpqvco Sofxhyvku Illness(type, stage) = (1, 5) got in queue to dentist.
registration called out Patient Iqcwlczjk Kwscvfrm Illness(type, stage) = (1, 2).
dentist called out Patient Wlxutnpqvco Sofxhyvku Illness(type, stage) = (1, 5).
Patient Iqcwlczjk Kwscvfrm Illness(type, stage) = (1, 2) has left registration.
Patient Iqcwlczjk Kwscvfrm Illness(type, stage) = (1, 2) got in queue to dentist.
registration called out Patient Iwcoctqdsjsx Wtbogqujpkx Illness(type, stage) = (1, 8).
Patient Pilmvswioaov Qtyyrec Illness(type, stage) = (3, 6) has left registration.
Patient Pilmvswioaov Qtyyrec Illness(type, stage) = (3, 6) got in queue to therapist.
registration called out Patient Pcdszkj Ffypmrjvtlxt Illness(type, stage) = (2, 2).
therapist called out Patient Pilmvswioaov Qtyyrec Illness(type, stage) = (3, 6).
Patient Pcdszkj Ffypmrjvtlxt Illness(type, stage) = (2, 2) has left registration.
Patient Pcdszkj Ffypmrjvtlxt Illness(type, stage) = (2, 2) got in queue to surgeon.
registration called out Patient Oncyixnzz Ncinqxizuaa Illness(type, stage) = (2, 8).
surgeon called out Patient Pcdszkj Ffypmrjvtlxt Illness(type, stage) = (2, 2).
Patient Iwcoctqdsjsx Wtbogqujpkx Illness(type, stage) = (1, 8) has left registration.
Patient Iwcoctqdsjsx Wtbogqujpkx Illness(type, stage) = (1, 8) got in queue to dentist.
registration called out Patient Vrckueicwigh Twjfxffuk Illness(type, stage) = (1, 6).
Patient Pcdszkj Ffypmrjvtlxt Illness(type, stage) = (2, 2) has left surgeon.
Patient Oncyixnzz Ncinqxizuaa Illness(type, stage) = (2, 8) has left registration.
Patient Oncyixnzz Ncinqxizuaa Illness(type, stage) = (2, 8) got in queue to surgeon.
surgeon called out Patient Oncyixnzz Ncinqxizuaa Illness(type, stage) = (2, 8).
Patient Pilmvswioaov Qtyyrec Illness(type, stage) = (3, 6) has left therapist.
Patient Vrckueicwigh Twjfxffuk Illness(type, stage) = (1, 6) has left registration.
Patient Vrckueicwigh Twjfxffuk Illness(type, stage) = (1, 6) got in queue to dentist.
Patient Wlxutnpqvco Sofxhyvku Illness(type, stage) = (1, 5) has left dentist.
dentist called out Patient Iqcwlczjk Kwscvfrm Illness(type, stage) = (1, 2).
Patient Iqcwlczjk Kwscvfrm Illness(type, stage) = (1, 2) has left dentist.
dentist called out Patient Iwcoctqdsjsx Wtbogqujpkx Illness(type, stage) = (1, 8).
Patient Oncyixnzz Ncinqxizuaa Illness(type, stage) = (2, 8) has left surgeon.
Patient Iwcoctqdsjsx Wtbogqujpkx Illness(type, stage) = (1, 8) has left dentist.
dentist called out Patient Vrckueicwigh Twjfxffuk Illness(type, stage) = (1, 6).
Patient Vrckueicwigh Twjfxffuk Illness(type, stage) = (1, 6) has left dentist.
