Patient Ambggdvvvlrc Devtnspejenn Illness(type, stage) = (2, 9) got in queue to registration.
Patient Wsnvntbnas Viqqhvu Illness(type, stage) = (1, 8) got in queue to registration.
Patient Sykjpjaszsb Pchkmewxk Illness(type, stage) = (2, 2) got in queue to registration.
Patient Hlxlgytikjb Rutxzjhetmlnj Illness(type, stage) = (2, 3) got in queue to registration.
Patient Byllkapfmb Usiuurvrddis Illness(type, stage) = (3, 9) got in queue to registration.
Patient Tizosexvveth Rawrfbhrz Illness(type, stage) = (2, 4) got in queue to registration.
Patient Pkpcxxqx Xvbcxkwcussqo Illness(type, stage) = (2, 4) got in queue to registration.
Patient Kzphzkbxovz Wpxiqrbopesi Illness(type, stage) = (2, 9) got in queue to registration.
Patient Egsimtp Uadvncfta Illness(type, stage) = (2, 2) got in queue to registration.
Patient Sxverkni Nwgiokpn Illness(type, stage) = (3, 7) got in queue to registration.
Patient Muhxfpsxynv Fhyezmuhrhr Illness(type, stage) = (3, 5) got in queue to registration.
Patient Dwcuekttjsu Gkilquigoya Illness(type, stage) = (2, 8) got in queue to registration.
Patient Ivlzfphdny Kqtwzmjuk Illness(type, stage) = (3, 7) got in queue to registration.
Patient Stbktue Suuitecuoqkkf Illness(type, stage) = (2, 10) got in queue to registration.
Patient Xmduudpr Zmsdopnqbm Illness(type, stage) = (1, 1) got in queue to registration.
Patient Pujzmpywhxgmm Ydqwrpjpxeosu Illness(type, stage) = (2, 6) got in queue to registration.
Patient Jeyvcqxpy Gfuxnynwo Illness(type, stage) = (3, 10) got in queue to registration.
Patient Vnpjesqv Mepvzvgdx Illness(type, stage) = (1, 6) got in queue to registration.
Patient Awwyroec Amhftghyxj Illness(type, stage) = (2, 2) got in queue to registration.
Patient Vbqdfktu Oespgnchrj Illness(type, stage) = (3, 4) got in queue to registration.
registration called out Patient Ambggdvvvlrc Devtnspejenn Illness(type, stage) = (2, 9).
registration called out Patient Wsnvntbnas Viqqhvu Illness(type, stage) = (1, 8).
Patient Ambggdvvvlrc Devtnspejenn Illness(type, stage) = (2, 9) has left registration.
Patient Ambggdvvvlrc Devtnspejenn Illness(type, stage) = (2, 9) got in queue to surgeon.
Patient Wsnvntbnas Viqqhvu Illness(type, stage) = (1, 8) has left registration.
surgeon called out Patient Ambggdvvvlrc Devtnspejenn Illness(type, stage) = (2, 9).
Patient Wsnvntbnas Viqqhvu Illness(type, stage) = (1, 8) got in queue to dentist.
registration called out Patient Sykjpjaszsb Pchkmewxk Illness(type, stage) = (2, 2).
registration called out Patient Hlxlgytikjb Rutxzjhetmlnj Illness(type, stage) = (2, 3).
dentist called out Patient Wsnvntbnas Viqqhvu Illness(type, stage) = (1, 8).
Patient Sykjpjaszsb Pchkmewxk Illness(type, stage) = (2, 2) has left registration.
Patient Sykjpjaszsb Pchkmewxk Illness(type, stage) = (2, 2) got in queue to surgeon.
Patient Hlxlgytikjb Rutxzjhetmlnj Illness(type, stage) = (2, 3) has left registration.
Patient Hlxlgytikjb Rutxzjhetmlnj Illness(type, stage) = (2, 3) got in queue to surgeon.
registration called out Patient Byllkapfmb Usiuurvrddis Illness(type, stage) = (3, 9).
registration called out Patient Tizosexvveth Rawrfbhrz Illness(type, stage) = (2, 4).
Patient Tizosexvveth Rawrfbhrz Illness(type, stage) = (2, 4) has left registration.
Patient Tizosexvveth Rawrfbhrz Illness(type, stage) = (2, 4) got in queue to surgeon.
registration called out Patient Pkpcxxqx Xvbcxkwcussqo Illness(type, stage) = (2, 4).
Patient Byllkapfmb Usiuurvrddis Illness(type, stage) = (3, 9) has left registration.
Patient Byllkapfmb Usiuurvrddis Illness(type, stage) = (3, 9) got in queue to therapist.
registration called out Patient Kzphzkbxovz Wpxiqrbopesi Illness(type, stage) = (2, 9).
therapist called out Patient Byllkapfmb Usiuurvrddis Illness(type, stage) = (3, 9).
Patient Pkpcxxqx Xvbcxkwcussqo Illness(type, stage) = (2, 4) has left registration.
Patient Pkpcxxqx Xvbcxkwcussqo Illness(type, stage) = (2, 4) got in queue to surgeon.
registration called out Patient Egsimtp Uadvncfta Illness(type, stage) = (2, 2).
Patient Egsimtp Uadvncfta Illness(type, stage) = (2, 2) has left registration.
Patient Egsimtp Uadvncfta Illness(type, stage) = (2, 2) got in queue to surgeon.
registration called out Patient Sxverkni Nwgiokpn Illness(type, stage) = (3, 7).
Patient Kzphzkbxovz Wpxiqrbopesi Illness(type, stage) = (2, 9) has left registration.
Patient Kzphzkbxovz Wpxiqrbopesi Illness(type, stage) = (2, 9) got in queue to surgeon.
registration called out Patient Muhxfpsxynv Fhyezmuhrhr Illness(type, stage) = (3, 5).
Patient Sxverkni Nwgiokpn Illness(type, stage) = (3, 7) has left registration.
Patient Sxverkni Nwgiokpn Illness(type, stage) = (3, 7) got in queue to therapist.
registration called out Patient Dwcuekttjsu Gkilquigoya Illness(type, stage) = (2, 8).
Patient Muhxfpsxynv Fhyezmuhrhr Illness(type, stage) = (3, 5) has left registration.
Patient Muhxfpsxynv Fhyezmuhrhr Illness(type, stage) = (3, 5) got in queue to therapist.
registration called out Patient Ivlzfphdny Kqtwzmjuk Illness(type, stage) = (3, 7).
Patient Ambggdvvvlrc Devtnspejenn Illness(type, stage) = (2, 9) has left surgeon.
surgeon called out Patient Sykjpjaszsb Pchkmewxk Illness(type, stage) = (2, 2).
Patient Dwcuekttjsu Gkilquigoya Illness(type, stage) = (2, 8) has left registration.
Patient Dwcuekttjsu Gkilquigoya Illness(type, stage) = (2, 8) got in queue to surgeon.
registration called out Patient Stbktue Suuitecuoqkkf Illness(type, stage) = (2, 10).
Patient Ivlzfphdny Kqtwzmjuk Illness(type, stage) = (3, 7) has left registration.
Patient Ivlzfphdny Kqtwzmjuk Illness(type, stage) = (3, 7) got in queue to therapist.
registration called out Patient Xmduudpr Zmsdopnqbm Illness(type, stage) = (1, 1).
Patient Xmduudpr Zmsdopnqbm Illness(type, stage) = (1, 1) has left registration.
Patient Xmduudpr Zmsdopnqbm Illness(type, stage) = (1, 1) got in queue to dentist.
registration called out Patient Pujzmpywhxgmm Ydqwrpjpxeosu Illness(type, stage) = (2, 6).
Patient Byllkapfmb Usiuurvrddis Illness(type, stage) = (3, 9) has left therapist.
therapist called out Patient Sxverkni Nwgiokpn Illness(type, stage) = (3, 7).
Patient Sykjpjaszsb Pchkmewxk Illness(type, stage) = (2, 2) has left surgeon.
Patient Wsnvntbnas Viqqhvu Illness(type, stage) = (1, 8) has left dentist.
dentist called out Patient Xmduudpr Zmsdopnqbm Illness(type, stage) = (1, 1).
surgeon called out Patient Hlxlgytikjb Rutxzjhetmlnj Illness(type, stage) = (2, 3).
Patient Pujzmpywhxgmm Ydqwrpjpxeosu Illness(type, stage) = (2, 6) has left registration.
Patient Pujzmpywhxgmm Ydqwrpjpxeosu Illness(type, stage) = (2, 6) got in queue to surgeon.
registration called out Patient Jeyvcqxpy Gfuxnynwo Illness(type, stage) = (3, 10).
Patient Xmduudpr Zmsdopnqbm Illness(type, stage) = (1, 1) has left dentist.
Patient Stbktue Suuitecuoqkkf Illness(type, stage) = (2, 10) has left registration.
Patient Stbktue Suuitecuoqkkf Illness(type, stage) = (2, 10) got in queue to surgeon.
registration called out Patient Vnpjesqv Mepvzvgdx Illness(type, stage) = (1, 6).
Patient Hlxlgytikjb Rutxzjhetmlnj Illness(type, stage) = (2, 3) has left surgeon.
surgeon called out Patient Tizosexvveth Rawrfbhrz Illness(type, stage) = (2, 4).
Patient Vnpjesqv Mepvzvgdx Illness(type, stage) = (1, 6) has left registration.
Patient Vnpjesqv Mepvzvgdx Illness(type, stage) = (1, 6) got in queue to dentist.
registration called out Patient Awwyroec Amhftghyxj Illness(type, stage) = (2, 2).
dentist called out Patient Vnpjesqv Mepvzvgdx Illness(type, stage) = (1, 6).
Patient Awwyroec Amhftghyxj Illness(type, stage) = (2, 2) has left registration.
Patient Awwyroec Amhftghyxj Illness(type, stage) = (2, 2) got in queue to surgeon.
registration called out Patient Vbqdfktu Oespgnchrj Illness(type, stage) = (3, 4).
Patient Jeyvcqxpy Gfuxnynwo Illness(type, stage) = (3, 10) has left registration.
Patient Jeyvcqxpy Gfuxnynwo Illness(type, stage) = (3, 10) got in queue to therapist.
Patient Sxverkni Nwgiokpn Illness(type, stage) = (3, 7) has left therapist.
therapist called out Patient Muhxfpsxynv Fhyezmuhrhr Illness(type, stage) = (3, 5).
Patient Vbqdfktu Oespgnchrj Illness(type, stage) = (3, 4) has left registration.
Patient Vbqdfktu Oespgnchrj Illness(type, stage) = (3, 4) got in queue to therapist.
Patient Tizosexvveth Rawrfbhrz Illness(type, stage) = (2, 4) has left surgeon.
surgeon called out Patient Pkpcxxqx Xvbcxkwcussqo Illness(type, stage) = (2, 4).
Patient Muhxfpsxynv Fhyezmuhrhr Illness(type, stage) = (3, 5) has left therapist.
therapist called out Patient Ivlzfphdny Kqtwzmjuk Illness(type, stage) = (3, 7).
Patient Pkpcxxqx Xvbcxkwcussqo Illness(type, stage) = (2, 4) has left surgeon.
surgeon called out Patient Egsimtp Uadvncfta Illness(type, stage) = (2, 2).
Patient Vnpjesqv Mepvzvgdx Illness(type, stage) = (1, 6) has left dentist.
Patient Egsimtp Uadvncfta Illness(type, stage) = (2, 2) has left surgeon.
surgeon called out Patient Kzphzkbxovz Wpxiqrbopesi Illness(type, stage) = (2, 9).
Patient Ivlzfphdny Kqtwzmjuk Illness(type, stage) = (3, 7) has left therapist.
therapist called out Patient Jeyvcqxpy Gfuxnynwo Illness(type, stage) = (3, 10).
Patient Kzphzkbxovz Wpxiqrbopesi Illness(type, stage) = (2, 9) has left surgeon.
surgeon called out Patient Dwcuekttjsu Gkilquigoya Illness(type, stage) = (2, 8).
Patient Jeyvcqxpy Gfuxnynwo Illness(type, stage) = (3, 10) has left therapist.
therapist called out Patient Vbqdfktu Oespgnchrj Illness(type, stage) = (3, 4).
Patient Vbqdfktu Oespgnchrj Illness(type, stage) = (3, 4) has left therapist.
Patient Dwcuekttjsu Gkilquigoya Illness(type, stage) = (2, 8) has left surgeon.
surgeon called out Patient Pujzmpywhxgmm Ydqwrpjpxeosu Illness(type, stage) = (2, 6).
Patient Pujzmpywhxgmm Ydqwrpjpxeosu Illness(type, stage) = (2, 6) has left surgeon.
surgeon called out Patient Stbktue Suuitecuoqkkf Illness(type, stage) = (2, 10).
Patient Stbktue Suuitecuoqkkf Illness(type, stage) = (2, 10) has left surgeon.
surgeon called out Patient Awwyroec Amhftghyxj Illness(type, stage) = (2, 2).
Patient Awwyroec Amhftghyxj Illness(type, stage) = (2, 2) has left surgeon.
