Patient Eyqbqgri Gpskepqe Illness(type, stage) = (1, 5) got in queue to registration.
Patient Sibbgxbxg Qhkhttq Illness(type, stage) = (3, 6) got in queue to registration.
Patient Rcpijyv Gotssitra Illness(type, stage) = (2, 7) got in queue to registration.
Patient Leqwpuwpl Wagpvethoxuus Illness(type, stage) = (2, 5) got in queue to registration.
Patient Quhoucyly Bdoyhjq Illness(type, stage) = (3, 2) got in queue to registration.
Patient Oajimopvtccqy Lowcyardh Illness(type, stage) = (2, 9) got in queue to registration.
Patient Gppzegcvcr Jcsuojugwlzzu Illness(type, stage) = (2, 7) got in queue to registration.
Patient Ohtinhhpvrfw Crxybxnyhpm Illness(type, stage) = (2, 4) got in queue to registration.
Patient Tvtgiwkd Cdvhcof Illness(type, stage) = (1, 6) got in queue to registration.
Patient Dwkigyniuoob Maugkqy Illness(type, stage) = (2, 10) got in queue to registration.
Patient Bacptrinxekkw Ywyoffhrcisyj Illness(type, stage) = (2, 1) got in queue to registration.
Patient Tocqnfxjmcl Dxlkkqcgvaxhf Illness(type, stage) = (3, 2) got in queue to registration.
Patient Vrfnguiwl Jtdxhinmv Illness(type, stage) = (3, 7) got in queue to registration.
Patient Fvnxjowcbp Xttnwlard Illness(type, stage) = (1, 6) got in queue to registration.
Patient Wzsdzgl Ffvappipmkh Illness(type, stage) = (3, 8) got in queue to registration.
registration called out Patient Eyqbqgri Gpskepqe Illness(type, stage) = (1, 5).
registration called out Patient Sibbgxbxg Qhkhttq Illness(type, stage) = (3, 6).
Patient Eyqbqgri Gpskepqe Illness(type, stage) = (1, 5) has left registration.
Patient Eyqbqgri Gpskepqe Illness(type, stage) = (1, 5) got in queue to dentist.
registration called out Patient Rcpijyv Gotssitra Illness(type, stage) = (2, 7).
dentist called out Patient Eyqbqgri Gpskepqe Illness(type, stage) = (1, 5).
Patient Sibbgxbxg Qhkhttq Illness(type, stage) = (3, 6) has left registration.
Patient Sibbgxbxg Qhkhttq Illness(type, stage) = (3, 6) got in queue to therapist.
registration called out Patient Leqwpuwpl Wagpvethoxuus Illness(type, stage) = (2, 5).
therapist called out Patient Sibbgxbxg Qhkhttq Illness(type, stage) = (3, 6).
Patient Rcpijyv Gotssitra Illness(type, stage) = (2, 7) has left registration.
Patient Rcpijyv Gotssitra Illness(type, stage) = (2, 7) got in queue to surgeon.
Patient Leqwpuwpl Wagpvethoxuus Illness(type, stage) = (2, 5) has left registration.
Patient Leqwpuwpl Wagpvethoxuus Illness(type, stage) = (2, 5) got in queue to surgeon.
registration called out Patient Quhoucyly Bdoyhjq Illness(type, stage) = (3, 2).
registration called out Patient Oajimopvtccqy Lowcyardh Illness(type, stage) = (2, 9).
surgeon called out Patient Rcpijyv Gotssitra Illness(type, stage) = (2, 7).
Patient Quhoucyly Bdoyhjq Illness(type, stage) = (3, 2) has left registration.
Patient Quhoucyly Bdoyhjq Illness(type, stage) = (3, 2) got in queue to therapist.
registration called out Patient Gppzegcvcr Jcsuojugwlzzu Illness(type, stage) = (2, 7).
Patient Oajimopvtccqy Lowcyardh Illness(type, stage) = (2, 9) has left registration.
Patient Oajimopvtccqy Lowcyardh Illness(type, stage) = (2, 9) got in queue to surgeon.
registration called out Patient Ohtinhhpvrfw Crxybxnyhpm Illness(type, stage) = (2, 4).
Patient Gppzegcvcr Jcsuojugwlzzu Illness(type, stage) = (2, 7) has left registration.
Patient Gppzegcvcr Jcsuojugwlzzu Illness(type, stage) = (2, 7) got in queue to surgeon.
registration called out Patient Tvtgiwkd Cdvhcof Illness(type, stage) = (1, 6).
Patient Sibbgxbxg Qhkhttq Illness(type, stage) = (3, 6) has left therapist.
therapist called out Patient Quhoucyly Bdoyhjq Illness(type, stage) = (3, 2).
Patient Ohtinhhpvrfw Crxybxnyhpm Illness(type, stage) = (2, 4) has left registration.
Patient Ohtinhhpvrfw Crxybxnyhpm Illness(type, stage) = (2, 4) got in queue to surgeon.
registration called out Patient Dwkigyniuoob Maugkqy Illness(type, stage) = (2, 10).
Patient Eyqbqgri Gpskepqe Illness(type, stage) = (1, 5) has left dentist.
Patient Quhoucyly Bdoyhjq Illness(type, stage) = (3, 2) has left therapist.
Patient Tvtgiwkd Cdvhcof Illness(type, stage) = (1, 6) has left registration.
Patient Tvtgiwkd Cdvhcof Illness(type, stage) = (1, 6) got in queue to dentist.
registration called out Patient Bacptrinxekkw Ywyoffhrcisyj Illness(type, stage) = (2, 1).
dentist called out Patient Tvtgiwkd Cdvhcof Illness(type, stage) = (1, 6).
Patient Bacptrinxekkw Ywyoffhrcisyj Illness(type, stage) = (2, 1) has left registration.
Patient Bacptrinxekkw Ywyoffhrcisyj Illness(type, stage) = (2, 1) got in queue to surgeon.
registration called out Patient Tocqnfxjmcl Dxlkkqcgvaxhf Illness(type, stage) = (3, 2).
Patient Tocqnfxjmcl Dxlkkqcgvaxhf Illness(type, stage) = (3, 2) has left registration.
Patient Tocqnfxjmcl Dxlkkqcgvaxhf Illness(type, stage) = (3, 2) got in queue to therapist.
registration called out Patient Vrfnguiwl Jtdxhinmv Illness(type, stage) = (3, 7).
therapist called out Patient Tocqnfxjmcl Dxlkkqcgvaxhf Illness(type, stage) = (3, 2).
Patient Rcpijyv Gotssitra Illness(type, stage) = (2, 7) has left surgeon.
surgeon called out Patient Leqwpuwpl Wagpvethoxuus Illness(type, stage) = (2, 5).
Patient Tocqnfxjmcl Dxlkkqcgvaxhf Illness(type, stage) = (3, 2) has left therapist.
Patient Dwkigyniuoob Maugkqy Illness(type, stage) = (2, 10) has left registration.
Patient Dwkigyniuoob Maugkqy Illness(type, stage) = (2, 10) got in queue to surgeon.
registration called out Patient Fvnxjowcbp Xttnwlard Illness(type, stage) = (1, 6).
Patient Vrfnguiwl Jtdxhinmv Illness(type, stage) = (3, 7) has left registration.
Patient Vrfnguiwl Jtdxhinmv Illness(type, stage) = (3, 7) got in queue to therapist.
registration called out Patient Wzsdzgl Ffvappipmkh Illness(type, stage) = (3, 8).
therapist called out Patient Vrfnguiwl Jtdxhinmv Illness(type, stage) = (3, 7).
Patient Fvnxjowcbp Xttnwlard Illness(type, stage) = (1, 6) has left registration.
Patient Fvnxjowcbp Xttnwlard Illness(type, stage) = (1, 6) got in queue to dentist.
Patient Wzsdzgl Ffvappipmkh Illness(type, stage) = (3, 8) has left registration.
Patient Wzsdzgl Ffvappipmkh Illness(type, stage) = (3, 8) got in queue to therapist.
Patient Leqwpuwpl Wagpvethoxuus Illness(type, stage) = (2, 5) has left surgeon.
surgeon called out Patient Oajimopvtccqy Lowcyardh Illness(type, stage) = (2, 9).
Patient Tvtgiwkd Cdvhcof Illness(type, stage) = (1, 6) has left dentist.
dentist called out Patient Fvnxjowcbp Xttnwlard Illness(type, stage) = (1, 6).
Patient Vrfnguiwl Jtdxhinmv Illness(type, stage) = (3, 7) has left therapist.
therapist called out Patient Wzsdzgl Ffvappipmkh Illness(type, stage) = (3, 8).
Patient Wzsdzgl Ffvappipmkh Illness(type, stage) = (3, 8) has left therapist.
Patient Oajimopvtccqy Lowcyardh Illness(type, stage) = (2, 9) has left surgeon.
surgeon called out Patient Gppzegcvcr Jcsuojugwlzzu Illness(type, stage) = (2, 7).
Patient Fvnxjowcbp Xttnwlard Illness(type, stage) = (1, 6) has left dentist.
Patient Gppzegcvcr Jcsuojugwlzzu Illness(type, stage) = (2, 7) has left surgeon.
surgeon called out Patient Ohtinhhpvrfw Crxybxnyhpm Illness(type, stage) = (2, 4).
Patient Ohtinhhpvrfw Crxybxnyhpm Illness(type, stage) = (2, 4) has left surgeon.
surgeon called out Patient Bacptrinxekkw Ywyoffhrcisyj Illness(type, stage) = (2, 1).
Patient Bacptrinxekkw Ywyoffhrcisyj Illness(type, stage) = (2, 1) has left surgeon.
surgeon called out Patient Dwkigyniuoob Maugkqy Illness(type, stage) = (2, 10).
Patient Dwkigyniuoob Maugkqy Illness(type, stage) = (2, 10) has left surgeon.
