Patient Axqhjjgzc Aowqzrokc Illness(type, stage) = (2, 9) got in queue to registration.
Patient Gqfuqvuuts Lgytefdrsblov Illness(type, stage) = (2, 3) got in queue to registration.
Patient Lvpjoqoq Ztwoveyghojp Illness(type, stage) = (3, 6) got in queue to registration.
Patient Nefvjyzquh Dncnbim Illness(type, stage) = (3, 10) got in queue to registration.
Patient Tljmbiugsiql Qeprohynm Illness(type, stage) = (1, 5) got in queue to registration.
Patient Fbpdorwjrx Dsidmalgh Illness(type, stage) = (3, 4) got in queue to registration.
Patient Gstbbyt Uqjfyblvgg Illness(type, stage) = (1, 6) got in queue to registration.
Patient Ebeltgmn Vkitofqqbomim Illness(type, stage) = (3, 4) got in queue to registration.
Patient Nloknnddkb Hufmfprap Illness(type, stage) = (3, 6) got in queue to registration.
Patient Vopdjxayj Dcgbmkkmmg Illness(type, stage) = (1, 6) got in queue to registration.
registration called out Patient Axqhjjgzc Aowqzrokc Illness(type, stage) = (2, 9).
registration called out Patient Gqfuqvuuts Lgytefdrsblov Illness(type, stage) = (2, 3).
Patient Gqfuqvuuts Lgytefdrsblov Illness(type, stage) = (2, 3) has left registration.
Patient Gqfuqvuuts Lgytefdrsblov Illness(type, stage) = (2, 3) got in queue to surgeon.
registration called out Patient Lvpjoqoq Ztwoveyghojp Illness(type, stage) = (3, 6).
surgeon called out Patient Gqfuqvuuts Lgytefdrsblov Illness(type, stage) = (2, 3).
Patient Axqhjjgzc Aowqzrokc Illness(type, stage) = (2, 9) has left registration.
Patient Axqhjjgzc Aowqzrokc Illness(type, stage) = (2, 9) got in queue to surgeon.
registration called out Patient Nefvjyzquh Dncnbim Illness(type, stage) = (3, 10).
Patient Lvpjoqoq Ztwoveyghojp Illness(type, stage) = (3, 6) has left registration.
Patient Lvpjoqoq Ztwoveyghojp Illness(type, stage) = (3, 6) got in queue to therapist.
registration called out Patient Tljmbiugsiql Qeprohynm Illness(type, stage) = (1, 5).
therapist called out Patient Lvpjoqoq Ztwoveyghojp Illness(type, stage) = (3, 6).
Patient Gqfuqvuuts Lgytefdrsblov Illness(type, stage) = (2, 3) has left surgeon.
surgeon called out Patient Axqhjjgzc Aowqzrokc Illness(type, stage) = (2, 9).
Patient Tljmbiugsiql Qeprohynm Illness(type, stage) = (1, 5) has left registration.
Patient Tljmbiugsiql Qeprohynm Illness(type, stage) = (1, 5) got in queue to dentist.
registration called out Patient Fbpdorwjrx Dsidmalgh Illness(type, stage) = (3, 4).
dentist called out Patient Tljmbiugsiql Qeprohynm Illness(type, stage) = (1, 5).
Patient Fbpdorwjrx Dsidmalgh Illness(type, stage) = (3, 4) has left registration.
Patient Fbpdorwjrx Dsidmalgh Illness(type, stage) = (3, 4) got in queue to therapist.
registration called out Patient Gstbbyt Uqjfyblvgg Illness(type, stage) = (1, 6).
Patient Nefvjyzquh Dncnbim Illness(type, stage) = (3, 10) has left registration.
Patient Nefvjyzquh Dncnbim Illness(type, stage) = (3, 10) got in queue to therapist.
registration called out Patient Ebeltgmn Vkitofqqbomim Illness(type, stage) = (3, 4).
Patient Lvpjoqoq Ztwoveyghojp Illness(type, stage) = (3, 6) has left therapist.
therapist called out Patient Fbpdorwjrx Dsidmalgh Illness(type, stage) = (3, 4).
Patient Ebeltgmn Vkitofqqbomim Illness(type, stage) = (3, 4) has left registration.
Patient Ebeltgmn Vkitofqqbomim Illness(type, stage) = (3, 4) got in queue to therapist.
registration called out Patient Nloknnddkb Hufmfprap Illness(type, stage) = (3, 6).
Patient Gstbbyt Uqjfyblvgg Illness(type, stage) = (1, 6) has left registration.
Patient Gstbbyt Uqjfyblvgg Illness(type, stage) = (1, 6) got in queue to dentist.
registration called out Patient Vopdjxayj Dcgbmkkmmg Illness(type, stage) = (1, 6).
Patient Nloknnddkb Hufmfprap Illness(type, stage) = (3, 6) has left registration.
Patient Nloknnddkb Hufmfprap Illness(type, stage) = (3, 6) got in queue to therapist.
Patient Vopdjxayj Dcgbmkkmmg Illness(type, stage) = (1, 6) has left registration.
Patient Vopdjxayj Dcgbmkkmmg Illness(type, stage) = (1, 6) got in queue to dentist.
Patient Fbpdorwjrx Dsidmalgh Illness(type, stage) = (3, 4) has left therapist.
therapist called out Patient Nefvjyzquh Dncnbim Illness(type, stage) = (3, 10).
Patient Tljmbiugsiql Qeprohynm Illness(type, stage) = (1, 5) has left dentist.
dentist called out Patient Gstbbyt Uqjfyblvgg Illness(type, stage) = (1, 6).
Patient Axqhjjgzc Aowqzrokc Illness(type, stage) = (2, 9) has left surgeon.
Patient Nefvjyzquh Dncnbim Illness(type, stage) = (3, 10) has left therapist.
therapist called out Patient Ebeltgmn Vkitofqqbomim Illness(type, stage) = (3, 4).
Patient Gstbbyt Uqjfyblvgg Illness(type, stage) = (1, 6) has left dentist.
dentist called out Patient Vopdjxayj Dcgbmkkmmg Illness(type, stage) = (1, 6).
Patient Ebeltgmn Vkitofqqbomim Illness(type, stage) = (3, 4) has left therapist.
therapist called out Patient Nloknnddkb Hufmfprap Illness(type, stage) = (3, 6).
Patient Nloknnddkb Hufmfprap Illness(type, stage) = (3, 6) has left therapist.
Patient Vopdjxayj Dcgbmkkmmg Illness(type, stage) = (1, 6) has left dentist.
