Patient Dkazvdmtcicoe Nfxvcvukiwbz Illness(type, stage) = (2, 5) got in queue to registration.
Patient Rjagwvp Tduxargnwu Illness(type, stage) = (1, 5) got in queue to registration.
Patient Xxdnqgln Zzfpdijosp Illness(type, stage) = (3, 4) got in queue to registration.
registration called out Patient Dkazvdmtcicoe Nfxvcvukiwbz Illness(type, stage) = (2, 5).
registration called out Patient Rjagwvp Tduxargnwu Illness(type, stage) = (1, 5).
Patient Dkazvdmtcicoe Nfxvcvukiwbz Illness(type, stage) = (2, 5) has left registration.
Patient Dkazvdmtcicoe Nfxvcvukiwbz Illness(type, stage) = (2, 5) got in queue to surgeon.
Patient Rjagwvp Tduxargnwu Illness(type, stage) = (1, 5) has left registration.
Patient Rjagwvp Tduxargnwu Illness(type, stage) = (1, 5) got in queue to dentist.
registration called out Patient Xxdnqgln Zzfpdijosp Illness(type, stage) = (3, 4).
dentist called out Patient Rjagwvp Tduxargnwu Illness(type, stage) = (1, 5).
surgeon called out Patient Dkazvdmtcicoe Nfxvcvukiwbz Illness(type, stage) = (2, 5).
Patient Xxdnqgln Zzfpdijosp Illness(type, stage) = (3, 4) has left registration.
Patient Xxdnqgln Zzfpdijosp Illness(type, stage) = (3, 4) got in queue to therapist.
therapist called out Patient Xxdnqgln Zzfpdijosp Illness(type, stage) = (3, 4).
Patient Xxdnqgln Zzfpdijosp Illness(type, stage) = (3, 4) has left therapist.
Patient Dkazvdmtcicoe Nfxvcvukiwbz Illness(type, stage) = (2, 5) has left surgeon.
Patient Rjagwvp Tduxargnwu Illness(type, stage) = (1, 5) has left dentist.
